<p>x</p>

  <p>y</p>
  
    <p>z</p>
  <p>y</p>
<p>x</p>
