  <p>if</p>
<p>x</p>
<else>
  <p>else</p>
</else>
