<p>x</p>

  <p>c1: [1,2,3]</p>
  
    <p>1</p>
  
    <p>2</p>
  
    <p>3</p>
  

  <p>c2: [4,5,6]</p>
  
    <p>4</p>
  
    <p>5</p>
  
    <p>6</p>
  

<p>x</p>