<p>x</p>

  <p>0, 1, bar</p>

  <p>1, 2, bar</p>

  <p>2, 3, bar</p>

<p>x</p>
